src/repositories/expense.repository.ts(249,28): error TS7006: Parameter 'row' implicitly has an 'any' type.
src/repositories/expense.repository.ts(274,28): error TS7006: Parameter 'row' implicitly has an 'any' type.
src/repositories/expense.repository.ts(298,28): error TS7006: Parameter 'row' implicitly has an 'any' type.
